src/components/missions/MissionBoard.tsx(1,17): error TS6133: 'useState' is declared but its value is never read.
src/components/missions/MissionBoard.tsx(5,1): error TS6192: All imports in import declaration are unused.
src/components/missions/MissionPipeline.tsx(34,41): error TS6133: 'compact' is declared but its value is never read.
